// Jest Snapshot v1, https://goo.gl/fbAQLP

exports[`Calculator component 1`] = `
Object {
  "asFragment": [Function],
  "baseElement": <body>
    <div>
      <div
        class="calculator-container"
      >
        <h2>
          Lets Do Some Math !!
        </h2>
        <table
          class="calculator"
        >
          <tbody>
            <tr>
              <th
                class="th-result"
                colspan="4"
              >
                <p
                  class="calculator-result"
                  data-testid="result"
                >
                  0
                </p>
              </th>
            </tr>
            <tr>
              <th
                class="w-25"
              >
                <button
                  class="btn-Gray"
                  type="button"
                >
                  AC
                </button>
              </th>
              <th
                class="w-25"
              >
                <button
                  class="btn-Gray"
                  type="button"
                >
                  +/-
                </button>
              </th>
              <th
                class="w-25"
              >
                <button
                  class="btn-Gray"
                  type="button"
                >
                  %
                </button>
              </th>
              <th
                class="w-25"
              >
                <button
                  class="btn-Orange"
                  type="button"
                >
                  รท
                </button>
              </th>
            </tr>
            <tr>
              <th>
                <button
                  class="btn-Gray"
                  type="button"
                >
                  7
                </button>
              </th>
              <th>
                <button
                  class="btn-Gray"
                  type="button"
                >
                  8
                </button>
              </th>
              <th>
                <button
                  class="btn-Gray"
                  type="button"
                >
                  9
                </button>
              </th>
              <th>
                <button
                  class="btn-Orange"
                  type="button"
                >
                  x
                </button>
              </th>
            </tr>
            <tr>
              <th>
                <button
                  class="btn-Gray"
                  type="button"
                >
                  4
                </button>
              </th>
              <th>
                <button
                  class="btn-Gray"
                  type="button"
                >
                  5
                </button>
              </th>
              <th>
                <button
                  class="btn-Gray"
                  type="button"
                >
                  6
                </button>
              </th>
              <th>
                <button
                  class="btn-Orange"
                  type="button"
                >
                  +
                </button>
              </th>
            </tr>
            <tr>
              <th>
                <button
                  class="btn-Gray"
                  type="button"
                >
                  1
                </button>
              </th>
              <th>
                <button
                  class="btn-Gray"
                  type="button"
                >
                  2
                </button>
              </th>
              <th>
                <button
                  class="btn-Gray"
                  type="button"
                >
                  3
                </button>
              </th>
              <th>
                <button
                  class="btn-Orange"
                  type="button"
                >
                  -
                </button>
              </th>
            </tr>
            <tr>
              <th
                colspan="2"
              >
                <button
                  class="btn-Gray"
                  type="button"
                >
                  0
                </button>
              </th>
              <th>
                <button
                  class="btn-Gray"
                  type="button"
                >
                  .
                </button>
              </th>
              <th>
                <button
                  class="btn-Orange"
                  type="button"
                >
                  =
                </button>
              </th>
            </tr>
          </tbody>
        </table>
      </div>
    </div>
  </body>,
  "container": <div>
    <div
      class="calculator-container"
    >
      <h2>
        Lets Do Some Math !!
      </h2>
      <table
        class="calculator"
      >
        <tbody>
          <tr>
            <th
              class="th-result"
              colspan="4"
            >
              <p
                class="calculator-result"
                data-testid="result"
              >
                0
              </p>
            </th>
          </tr>
          <tr>
            <th
              class="w-25"
            >
              <button
                class="btn-Gray"
                type="button"
              >
                AC
              </button>
            </th>
            <th
              class="w-25"
            >
              <button
                class="btn-Gray"
                type="button"
              >
                +/-
              </button>
            </th>
            <th
              class="w-25"
            >
              <button
                class="btn-Gray"
                type="button"
              >
                %
              </button>
            </th>
            <th
              class="w-25"
            >
              <button
                class="btn-Orange"
                type="button"
              >
                รท
              </button>
            </th>
          </tr>
          <tr>
            <th>
              <button
                class="btn-Gray"
                type="button"
              >
                7
              </button>
            </th>
            <th>
              <button
                class="btn-Gray"
                type="button"
              >
                8
              </button>
            </th>
            <th>
              <button
                class="btn-Gray"
                type="button"
              >
                9
              </button>
            </th>
            <th>
              <button
                class="btn-Orange"
                type="button"
              >
                x
              </button>
            </th>
          </tr>
          <tr>
            <th>
              <button
                class="btn-Gray"
                type="button"
              >
                4
              </button>
            </th>
            <th>
              <button
                class="btn-Gray"
                type="button"
              >
                5
              </button>
            </th>
            <th>
              <button
                class="btn-Gray"
                type="button"
              >
                6
              </button>
            </th>
            <th>
              <button
                class="btn-Orange"
                type="button"
              >
                +
              </button>
            </th>
          </tr>
          <tr>
            <th>
              <button
                class="btn-Gray"
                type="button"
              >
                1
              </button>
            </th>
            <th>
              <button
                class="btn-Gray"
                type="button"
              >
                2
              </button>
            </th>
            <th>
              <button
                class="btn-Gray"
                type="button"
              >
                3
              </button>
            </th>
            <th>
              <button
                class="btn-Orange"
                type="button"
              >
                -
              </button>
            </th>
          </tr>
          <tr>
            <th
              colspan="2"
            >
              <button
                class="btn-Gray"
                type="button"
              >
                0
              </button>
            </th>
            <th>
              <button
                class="btn-Gray"
                type="button"
              >
                .
              </button>
            </th>
            <th>
              <button
                class="btn-Orange"
                type="button"
              >
                =
              </button>
            </th>
          </tr>
        </tbody>
      </table>
    </div>
  </div>,
  "debug": [Function],
  "findAllByAltText": [Function],
  "findAllByDisplayValue": [Function],
  "findAllByLabelText": [Function],
  "findAllByPlaceholderText": [Function],
  "findAllByRole": [Function],
  "findAllByTestId": [Function],
  "findAllByText": [Function],
  "findAllByTitle": [Function],
  "findByAltText": [Function],
  "findByDisplayValue": [Function],
  "findByLabelText": [Function],
  "findByPlaceholderText": [Function],
  "findByRole": [Function],
  "findByTestId": [Function],
  "findByText": [Function],
  "findByTitle": [Function],
  "getAllByAltText": [Function],
  "getAllByDisplayValue": [Function],
  "getAllByLabelText": [Function],
  "getAllByPlaceholderText": [Function],
  "getAllByRole": [Function],
  "getAllByTestId": [Function],
  "getAllByText": [Function],
  "getAllByTitle": [Function],
  "getByAltText": [Function],
  "getByDisplayValue": [Function],
  "getByLabelText": [Function],
  "getByPlaceholderText": [Function],
  "getByRole": [Function],
  "getByTestId": [Function],
  "getByText": [Function],
  "getByTitle": [Function],
  "queryAllByAltText": [Function],
  "queryAllByDisplayValue": [Function],
  "queryAllByLabelText": [Function],
  "queryAllByPlaceholderText": [Function],
  "queryAllByRole": [Function],
  "queryAllByTestId": [Function],
  "queryAllByText": [Function],
  "queryAllByTitle": [Function],
  "queryByAltText": [Function],
  "queryByDisplayValue": [Function],
  "queryByLabelText": [Function],
  "queryByPlaceholderText": [Function],
  "queryByRole": [Function],
  "queryByTestId": [Function],
  "queryByText": [Function],
  "queryByTitle": [Function],
  "rerender": [Function],
  "unmount": [Function],
}
`;
