// Jest Snapshot v1, https://goo.gl/fbAQLP

exports[`Navbar component 1`] = `
Object {
  "asFragment": [Function],
  "baseElement": <body>
    <div>
      <nav>
        <h1
          class="nav-header"
        >
          Math Magicians
        </h1>
        <ul>
          <a
            href="/math-magicians/"
            style="text-decoration: none; margin-right: 10px;"
          >
            Home |
          </a>
          <a
            href="/math-magicians/calculator"
            style="text-decoration: none; margin-right: 10px;"
          >
            Calculator |
          </a>
          <a
            href="/math-magicians/quote"
            style="text-decoration: none; margin-right: 10px;"
          >
            Quote
          </a>
        </ul>
      </nav>
    </div>
  </body>,
  "container": <div>
    <nav>
      <h1
        class="nav-header"
      >
        Math Magicians
      </h1>
      <ul>
        <a
          href="/math-magicians/"
          style="text-decoration: none; margin-right: 10px;"
        >
          Home |
        </a>
        <a
          href="/math-magicians/calculator"
          style="text-decoration: none; margin-right: 10px;"
        >
          Calculator |
        </a>
        <a
          href="/math-magicians/quote"
          style="text-decoration: none; margin-right: 10px;"
        >
          Quote
        </a>
      </ul>
    </nav>
  </div>,
  "debug": [Function],
  "findAllByAltText": [Function],
  "findAllByDisplayValue": [Function],
  "findAllByLabelText": [Function],
  "findAllByPlaceholderText": [Function],
  "findAllByRole": [Function],
  "findAllByTestId": [Function],
  "findAllByText": [Function],
  "findAllByTitle": [Function],
  "findByAltText": [Function],
  "findByDisplayValue": [Function],
  "findByLabelText": [Function],
  "findByPlaceholderText": [Function],
  "findByRole": [Function],
  "findByTestId": [Function],
  "findByText": [Function],
  "findByTitle": [Function],
  "getAllByAltText": [Function],
  "getAllByDisplayValue": [Function],
  "getAllByLabelText": [Function],
  "getAllByPlaceholderText": [Function],
  "getAllByRole": [Function],
  "getAllByTestId": [Function],
  "getAllByText": [Function],
  "getAllByTitle": [Function],
  "getByAltText": [Function],
  "getByDisplayValue": [Function],
  "getByLabelText": [Function],
  "getByPlaceholderText": [Function],
  "getByRole": [Function],
  "getByTestId": [Function],
  "getByText": [Function],
  "getByTitle": [Function],
  "queryAllByAltText": [Function],
  "queryAllByDisplayValue": [Function],
  "queryAllByLabelText": [Function],
  "queryAllByPlaceholderText": [Function],
  "queryAllByRole": [Function],
  "queryAllByTestId": [Function],
  "queryAllByText": [Function],
  "queryAllByTitle": [Function],
  "queryByAltText": [Function],
  "queryByDisplayValue": [Function],
  "queryByLabelText": [Function],
  "queryByPlaceholderText": [Function],
  "queryByRole": [Function],
  "queryByTestId": [Function],
  "queryByText": [Function],
  "queryByTitle": [Function],
  "rerender": [Function],
  "unmount": [Function],
}
`;
